// Jest Snapshot v1, https://goo.gl/fbAQLP

exports[`No Suggestions should render correctly 1`] = `ShallowWrapper {}`;
