// Jest Snapshot v1, https://goo.gl/fbAQLP

exports[`Search Bar should render correctly 1`] = `ShallowWrapper {}`;

exports[`Search Bar should render correctly for different filters 1`] = `ShallowWrapper {}`;

exports[`Search Bar should render correctly for showing suggestions 1`] = `ShallowWrapper {}`;
