// Jest Snapshot v1, https://goo.gl/fbAQLP

exports[`Input field for search bar should render correctly 1`] = `ShallowWrapper {}`;
