// Jest Snapshot v1, https://goo.gl/fbAQLP

exports[`data item should render correctly 1`] = `ShallowWrapper {}`;
