// Jest Snapshot v1, https://goo.gl/fbAQLP

exports[`Init should render correctly 1`] = `ShallowWrapper {}`;
