// Jest Snapshot v1, https://goo.gl/fbAQLP

exports[`render App properly 1`] = `ShallowWrapper {}`;
