// Jest Snapshot v1, https://goo.gl/fbAQLP

exports[`Movies page tests should render correctly 1`] = `ShallowWrapper {}`;
