// Jest Snapshot v1, https://goo.gl/fbAQLP

exports[`Movie Cast should render correctly 1`] = `ShallowWrapper {}`;
