// Jest Snapshot v1, https://goo.gl/fbAQLP

exports[`Person Detail should render correctly 1`] = `ShallowWrapper {}`;
