// Jest Snapshot v1, https://goo.gl/fbAQLP

exports[`Person Cast should render correctly 1`] = `ShallowWrapper {}`;
