// Jest Snapshot v1, https://goo.gl/fbAQLP

exports[`Movie Detail should render correctly 1`] = `ShallowWrapper {}`;
