// Jest Snapshot v1, https://goo.gl/fbAQLP

exports[`Show Cast should render correctly 1`] = `ShallowWrapper {}`;
